[hartleysmarket.com/index.html]
[backblue.gif]
[fade.gif]
[index.html]
[hartleysmarket.com/wp-content/astra-local-fonts/poppins/pxiByp8kv8JHgFVrLCz7Z1xlFQ.woff2]
[hartleysmarket.com/feed/index.html]
[hartleysmarket.com/comments/feed/index.html]
[hartleysmarket.com/wp-content/plugins/elementor/assets/lib/eicons/fonts/eicons0b93.eot]
[hartleysmarket.com/wp-content/uploads/2023/11/HARTLEYS.png]
[hartleysmarket.com/wp-content/uploads/2023/11/X9A0435.jpg]
[hartleysmarket.com/wp-content/uploads/2023/11/IMG_0263-scaled.jpg]
[hartleysmarket.com/wp-content/uploads/2024/01/agorobrach.png]
[hartleysmarket.com/wp-content/uploads/2023/11/SUPERMARKET.png]
[hartleysmarket.com/wp-includes/js/jquery/jquery.minf43b.js]
[hartleysmarket.com/wp-includes/js/jquery/jquery-migrate.min5589.js]
[hartleysmarket.com/wp-content/plugins/elementor/assets/lib/font-awesome/js/v4-shims.min3d36.js]
[hartleysmarket.com/wp-json/wp/v2/pages/11.json]
[hartleysmarket.com/wp-json/index.html]
[hartleysmarket.com/wp-json/oembed/1.0/embed6b23.json]
[hartleysmarket.com/wp-json/oembed/1.0/embed25fd]
[hartleysmarket.com/wp-content/uploads/2020/04/cropped-Logo-1-32x32.png]
[hartleysmarket.com/wp-content/uploads/2020/04/cropped-Logo-1-192x192.png]
[hartleysmarket.com/wp-content/uploads/2020/04/cropped-Logo-1-180x180.png]
[hartleysmarket.com/wp-content/uploads/2020/04/Logo-1-306x68.png]
[hartleysmarket.com/wp-content/uploads/2024/02/Group-16.png]
[hartleysmarket.com/products/index.html]
[hartleysmarket.com/about/index.html]
[hartleysmarket.com/wp-content/uploads/2023/12/Rectangle-22-150x150.png]
[hartleysmarket.com/contact/index.html]
[hartleysmarket.com/wp-content/uploads/2023/12/Rectangle-20-150x150.png]
[hartleysmarket.com/wp-content/uploads/2023/12/Rectangle-21-150x150.png]
[hartleysmarket.com/wp-content/uploads/2023/12/Rectangle-21-1-150x150.png]
[hartleysmarket.com/wp-content/uploads/2024/02/IMG_7041-150x150.jpg]
[hartleysmarket.com/wp-content/uploads/2025/02/IMG_7431.qt]
[hartleysmarket.com/wp-content/themes/astra/assets/js/minified/frontend.mind227.js]
[hartleysmarket.com/wp-content/plugins/wp-whatsapp/assets/dist/js/njt-whatsapp3088.js]
[hartleysmarket.com/wp-content/plugins/wp-whatsapp/assets/js/whatsapp-button3088.js]
[hartleysmarket.com/wp-content/uploads/astra-addon/astra-addon-65cb8a2da0daf7-080541438686.js]
[hartleysmarket.com/wp-content/plugins/wp-whatsapp/assets/js/whatsapp-popup3088.js]
[hartleysmarket.com/wp-content/plugins/elementor-pro/assets/js/webpack-pro.runtime.min7984.js]
[hartleysmarket.com/wp-content/plugins/elementor/assets/js/webpack.runtime.min3d36.js]
[hartleysmarket.com/wp-content/plugins/elementor/assets/js/frontend-modules.min3d36.js]
[hartleysmarket.com/wp-content/plugins/elementor-pro/assets/js/frontend.min7984.js]
[hartleysmarket.com/wp-content/plugins/elementor/assets/lib/waypoints/waypoints.min05da.js]
[hartleysmarket.com/wp-includes/js/jquery/ui/core.min3f14.js]
[hartleysmarket.com/wp-content/plugins/elementor/assets/lib/swiper/swiper.min48f5.js]
[hartleysmarket.com/wp-content/plugins/elementor/assets/lib/share-link/share-link.min3d36.js]
[hartleysmarket.com/wp-content/plugins/elementor/assets/lib/dialog/dialog.mina288.js]
[hartleysmarket.com/wp-content/plugins/elementor/assets/js/frontend.min3d36.js]
[hartleysmarket.com/wp-content/plugins/elementor-pro/assets/js/preloaded-elements-handlers.min7984.js]
[hartleysmarket.com/wp-content/plugins/elementor/assets/js/preloaded-modules.min3d36.js]
[hartleysmarket.com/wp-content/plugins/elementor-pro/assets/lib/sticky/jquery.sticky.min7984.js]
[hartleysmarket.com/index.html]
[hartleysmarket.com/wp-content/themes/astra/assets/css/minified/main.mind227.css]
[hartleysmarket.com/wp-content/astra-local-fonts/poppins/pxiEyp8kv8JHgFVrJJbecmNE.woff2]
[hartleysmarket.com/wp-content/astra-local-fonts/poppins/pxiEyp8kv8JHgFVrJJnecmNE.woff2]
[hartleysmarket.com/wp-content/astra-local-fonts/poppins/pxiEyp8kv8JHgFVrJJfecg.woff2]
[hartleysmarket.com/wp-content/astra-local-fonts/poppins/pxiByp8kv8JHgFVrLGT9Z11lFc-K.woff2]
[hartleysmarket.com/wp-content/astra-local-fonts/poppins/pxiByp8kv8JHgFVrLGT9Z1JlFc-K.woff2]
[hartleysmarket.com/wp-content/astra-local-fonts/poppins/pxiByp8kv8JHgFVrLGT9Z1xlFQ.woff2]
[hartleysmarket.com/wp-content/astra-local-fonts/poppins/pxiByp8kv8JHgFVrLEj6Z11lFc-K.woff2]
[hartleysmarket.com/wp-content/astra-local-fonts/poppins/pxiByp8kv8JHgFVrLEj6Z1JlFc-K.woff2]
[hartleysmarket.com/wp-content/astra-local-fonts/poppins/pxiByp8kv8JHgFVrLEj6Z1xlFQ.woff2]
[hartleysmarket.com/wp-content/astra-local-fonts/poppins/pxiByp8kv8JHgFVrLCz7Z11lFc-K.woff2]
[hartleysmarket.com/wp-content/astra-local-fonts/poppins/pxiByp8kv8JHgFVrLCz7Z1JlFc-K.woff2]
[hartleysmarket.com/wp-content/astra-local-fonts/astra-local-fontsd227.css]
[hartleysmarket.com/wp-includes/css/dist/block-library/style.min75e4.css]
[hartleysmarket.com/wp-content/plugins/wp-whatsapp/assets/dist/css/style75e4.css]
[hartleysmarket.com/wp-content/themes/astra-child/style75e4.css]
[hartleysmarket.com/wp-content/uploads/astra-addon/astra-addon-65cb8a2da05f62-190708778686.css]
[hartleysmarket.com/wp-content/plugins/elementor/assets/lib/eicons/fonts/eicons02d6.eot]
[hartleysmarket.com/wp-content/plugins/elementor/assets/lib/eicons/fonts/eicons02d6.woff2]
[hartleysmarket.com/wp-content/plugins/elementor/assets/lib/eicons/fonts/eicons02d6.woff]
[hartleysmarket.com/wp-content/plugins/elementor/assets/lib/eicons/fonts/eicons02d6.ttf]
[hartleysmarket.com/wp-content/plugins/elementor/assets/lib/eicons/css/elementor-icons.minb683.css]
[hartleysmarket.com/wp-content/plugins/elementor/assets/css/frontend.min3d36.css]
[hartleysmarket.com/wp-content/plugins/elementor-pro/assets/css/frontend.min7984.css]
[hartleysmarket.com/wp-content/plugins/elementor/assets/lib/font-awesome/webfonts/fa-brands-400.eot]
[hartleysmarket.com/wp-content/plugins/elementor/assets/lib/font-awesome/webfonts/fa-brands-400d41d.eot]
[hartleysmarket.com/wp-content/plugins/elementor/assets/lib/font-awesome/webfonts/fa-brands-400.woff2]
[hartleysmarket.com/wp-content/plugins/elementor/assets/lib/font-awesome/webfonts/fa-brands-400.woff]
[hartleysmarket.com/wp-content/plugins/elementor/assets/lib/font-awesome/webfonts/fa-brands-400.ttf]
[hartleysmarket.com/wp-content/plugins/elementor/assets/lib/font-awesome/webfonts/fa-regular-400.eot]
[hartleysmarket.com/wp-content/plugins/elementor/assets/lib/font-awesome/webfonts/fa-regular-400d41d.eot]
[hartleysmarket.com/wp-content/plugins/elementor/assets/lib/font-awesome/webfonts/fa-regular-400.woff2]
[hartleysmarket.com/wp-content/plugins/elementor/assets/lib/font-awesome/webfonts/fa-regular-400.woff]
[hartleysmarket.com/wp-content/plugins/elementor/assets/lib/font-awesome/webfonts/fa-regular-400.ttf]
[hartleysmarket.com/wp-content/plugins/elementor/assets/lib/font-awesome/webfonts/fa-solid-900.eot]
[hartleysmarket.com/wp-content/plugins/elementor/assets/lib/font-awesome/webfonts/fa-solid-900d41d.eot]
[hartleysmarket.com/wp-content/plugins/elementor/assets/lib/font-awesome/webfonts/fa-solid-900.woff2]
[hartleysmarket.com/wp-content/plugins/elementor/assets/lib/font-awesome/webfonts/fa-solid-900.woff]
[hartleysmarket.com/wp-content/plugins/elementor/assets/lib/font-awesome/webfonts/fa-solid-900.ttf]
[hartleysmarket.com/wp-content/plugins/elementor/assets/lib/font-awesome/css/all.min3d36.css]
[hartleysmarket.com/wp-content/plugins/elementor/assets/lib/font-awesome/css/v4-shims.min3d36.css]
[hartleysmarket.com/xmlrpc0db0.html]
[hartleysmarket.com/wp-content/uploads/2023/11/X9A1397.jpg]
[hartleysmarket.com/wp-content/uploads/2023/10/woman-shopping-vegetables-supermarket_1157-37877.jpg]
[hartleysmarket.com/wp-json/wp/v2/pages/5595.json]
[hartleysmarket.com/wp-json/oembed/1.0/embed0a4f.json]
[hartleysmarket.com/wp-json/oembed/1.0/embed8840]
[hartleysmarket.com/wp-content/uploads/2023/11/Dairy-section.png]
[hartleysmarket.com/wp-content/uploads/2023/11/DELI-SECTION.png]
[hartleysmarket.com/wp-content/uploads/2023/11/Frozen-Foods​-section.png]
[hartleysmarket.com/wp-content/uploads/2023/11/Wines-Spirits​.png]
[hartleysmarket.com/wp-content/uploads/2023/11/Personal-Care​.png]
[hartleysmarket.com/wp-content/uploads/2023/11/Fresh-Produce​.png]
[hartleysmarket.com/wp-content/uploads/2023/11/Household-Items​.png]
[hartleysmarket.com/wp-content/uploads/2023/11/Butchery​.png]
[hartleysmarket.com/wp-content/uploads/2023/11/Bakery​.png]
[hartleysmarket.com/wp-content/uploads/2023/11/Pet-Food​.png]
[hartleysmarket.com/products/index.html]
[hartleysmarket.com/wp-content/uploads/2023/10/X9A0444.jpg]
[hartleysmarket.com/wp-content/uploads/2023/10/X9A0899.jpg]
[hartleysmarket.com/wp-json/wp/v2/pages/239.json]
[hartleysmarket.com/wp-json/oembed/1.0/embed81ad.json]
[hartleysmarket.com/wp-json/oembed/1.0/embed7e14]
[hartleysmarket.com/wp-content/uploads/2023/11/Group-16-2.png]
[hartleysmarket.com/wp-includes/js/imagesloaded.minbb93.js]
[hartleysmarket.com/about/index.html]
[hartleysmarket.com/wp-content/uploads/2023/11/closeup-image-office-phone-scaled.jpg]
[hartleysmarket.com/wp-json/wp/v2/pages/5596.json]
[hartleysmarket.com/wp-json/oembed/1.0/embed0ede.json]
[hartleysmarket.com/wp-json/oembed/1.0/embed11a4]
[hartleysmarket.com/wp-includes/js/underscore.mind584.js]
[hartleysmarket.com/wp-includes/js/wp-util.min75e4.js]
[hartleysmarket.com/wp-content/plugins/wpforms-lite/assets/js/frontend/wpforms.min6256.js]
[hartleysmarket.com/wp-content/plugins/wpforms-lite/assets/js/integrations/elementor/frontend.min6256.js]
[hartleysmarket.com/wp-content/plugins/wpforms-lite/assets/lib/jquery.validate.min3c17.js]
[hartleysmarket.com/wp-content/plugins/wpforms-lite/assets/lib/mailcheck.mincfa9.js]
[hartleysmarket.com/wp-content/plugins/wpforms-lite/assets/lib/punycode.min8a54.js]
[hartleysmarket.com/wp-content/plugins/wpforms-lite/assets/js/share/utils.min6256.js]
[hartleysmarket.com/contact/index.html]
[hartleysmarket.com/product/index.html]
[hartleysmarket.com/wp-content/plugins/astra-addon/addons/nav-menu/assets/css/minified/magamenu-frontend.min8686.css]
[hartleysmarket.com/wp-content/plugins/elementor/assets/lib/animations/animations.min3d36.css]
[hartleysmarket.com/wp-content/plugins/elementor/assets/lib/eicons/fonts/eicons02d6.svg]
[hartleysmarket.com/wp-content/plugins/elementor/assets/lib/font-awesome/webfonts/fa-brands-400.svg]
[hartleysmarket.com/wp-content/plugins/elementor/assets/lib/font-awesome/webfonts/fa-regular-400.svg]
[hartleysmarket.com/wp-content/plugins/elementor/assets/lib/font-awesome/webfonts/fa-solid-900.svg]
[hartleysmarket.com/index99d2.html]
[hartleysmarket.com/wp-content/plugins/elementor/assets/lib/font-awesome/css/fontawesome.min52d5.css]
[hartleysmarket.com/wp-content/plugins/elementor/assets/lib/font-awesome/css/solid.min52d5.css]
[hartleysmarket.com/index1639.html]
[hartleysmarket.com/indexe25f.html]
[hartleysmarket.com/wp-content/plugins/wpforms-lite/assets/pro/images/times-solid-white.8a.delayed]
[hartleysmarket.com/wp-content/plugins/wpforms-lite/assets/css/frontend/classic/wpforms-base.min6256.css]
[hartleysmarket.com/wp-content/plugins/wpforms-lite/assets/pro/images/times-solid-white.html]
